A0/S0 => 0 min=0 max=4503599627370495 gen=0a0a488de4899d0ae757f6cf8368663184d164106111ed9eaecf510e35282ddc6d
A0/S1 => 0 min=0 max=4503599627370495 gen=0a0a488de4899d0ae757f6cf8368663184d164106111ed9eaecf510e35282ddc6d
A0/S2 => 0 min=0 max=4503599627370495 gen=0a0a488de4899d0ae757f6cf8368663184d164106111ed9eaecf510e35282ddc6d
A0/S3 => 0 min=0 max=4503599627370495 gen=0a0a488de4899d0ae757f6cf8368663184d164106111ed9eaecf510e35282ddc6d
A0/S4 => 0 min=0 max=4503599627370495 gen=0a0a488de4899d0ae757f6cf8368663184d164106111ed9eaecf510e35282ddc6d
A0/S5 => 0 min=0 max=4503599627370495 gen=0a0a488de4899d0ae757f6cf8368663184d164106111ed9eaecf510e35282ddc6d
A1/S0 => 0 min=0 max=4503599627370495 gen=0a0a488de4899d0ae757f6cf8368663184d164106111ed9eaecf510e35282ddc6d
A1/S1 => 0 min=0 max=4503599627370495 gen=0a0a488de4899d0ae757f6cf8368663184d164106111ed9eaecf510e35282ddc6d
A1/S2 => 0 min=0 max=4503599627370495 gen=0a0a488de4899d0ae757f6cf8368663184d164106111ed9eaecf510e35282ddc6d
A1/S3 => 0 min=0 max=4503599627370495 gen=0a0a488de4899d0ae757f6cf8368663184d164106111ed9eaecf510e35282ddc6d
A1/S4 => 0 min=0 max=4503599627370495 gen=0a0a488de4899d0ae757f6cf8368663184d164106111ed9eaecf510e35282ddc6d
A1/S5 => 0 min=0 max=4503599627370495 gen=0a0a488de4899d0ae757f6cf8368663184d164106111ed9eaecf510e35282ddc6d
A2/S0 => 0 min=0 max=4503599627370495 gen=0a6ec073eb6ebf4986c0d8a93cc6d4b206a43ffd53feb1d2eaa0b44dec207de64f
A2/S1 => 0 min=0 max=4503599627370495 gen=0a6ec073eb6ebf4986c0d8a93cc6d4b206a43ffd53feb1d2eaa0b44dec207de64f
A2/S2 => 0 min=0 max=4503599627370495 gen=0a6ec073eb6ebf4986c0d8a93cc6d4b206a43ffd53feb1d2eaa0b44dec207de64f
A2/S3 => 0 min=0 max=4503599627370495 gen=0a6ec073eb6ebf4986c0d8a93cc6d4b206a43ffd53feb1d2eaa0b44dec207de64f
A2/S4 => 0 min=0 max=4503599627370495 gen=0a6ec073eb6ebf4986c0d8a93cc6d4b206a43ffd53feb1d2eaa0b44dec207de64f
A2/S5 => 0 min=0 max=4503599627370495 gen=0a6ec073eb6ebf4986c0d8a93cc6d4b206a43ffd53feb1d2eaa0b44dec207de64f
A3/S0 => 0 min=0 max=4503599627370495 gen=0bd8fb44e44f7a6c2e88bd89671bb3f9b3086e8fa1b691bac5198ddfae759cfa77
A3/S1 => 0 min=0 max=4503599627370495 gen=0bd8fb44e44f7a6c2e88bd89671bb3f9b3086e8fa1b691bac5198ddfae759cfa77
A3/S2 => 0 min=0 max=4503599627370495 gen=0bd8fb44e44f7a6c2e88bd89671bb3f9b3086e8fa1b691bac5198ddfae759cfa77
A3/S3 => 0 min=0 max=4503599627370495 gen=0bd8fb44e44f7a6c2e88bd89671bb3f9b3086e8fa1b691bac5198ddfae759cfa77
A3/S4 => 0 min=0 max=4503599627370495 gen=0bd8fb44e44f7a6c2e88bd89671bb3f9b3086e8fa1b691bac5198ddfae759cfa77
A3/S5 => 0 min=0 max=4503599627370495 gen=0bd8fb44e44f7a6c2e88bd89671bb3f9b3086e8fa1b691bac5198ddfae759cfa77
A4/S0 => 0 min=0 max=4503599627370495 gen=0b0957be4cbd0d1cc30d2742988f84f931f4f47d4f8b81e40dc1db42cabf4aae7b
A4/S1 => 0 min=0 max=4503599627370495 gen=0b0957be4cbd0d1cc30d2742988f84f931f4f47d4f8b81e40dc1db42cabf4aae7b
A4/S2 => 0 min=0 max=4503599627370495 gen=0b0957be4cbd0d1cc30d2742988f84f931f4f47d4f8b81e40dc1db42cabf4aae7b
A4/S3 => 0 min=0 max=4503599627370495 gen=0b0957be4cbd0d1cc30d2742988f84f931f4f47d4f8b81e40dc1db42cabf4aae7b
A4/S4 => 0 min=0 max=4503599627370495 gen=0b0957be4cbd0d1cc30d2742988f84f931f4f47d4f8b81e40dc1db42cabf4aae7b
A4/S5 => 0 min=0 max=4503599627370495 gen=0b0957be4cbd0d1cc30d2742988f84f931f4f47d4f8b81e40dc1db42cabf4aae7b
A5/S0 => 0 min=0 max=4503599627370495 gen=0abc38a76bc56788e46f7c911f7863aa4926e2718fd3823166fe5f7bd66f1278df
A5/S1 => 0 min=0 max=4503599627370495 gen=0abc38a76bc56788e46f7c911f7863aa4926e2718fd3823166fe5f7bd66f1278df
A5/S2 => 0 min=0 max=4503599627370495 gen=0abc38a76bc56788e46f7c911f7863aa4926e2718fd3823166fe5f7bd66f1278df
A5/S3 => 0 min=0 max=4503599627370495 gen=0abc38a76bc56788e46f7c911f7863aa4926e2718fd3823166fe5f7bd66f1278df
A5/S4 => 0 min=0 max=4503599627370495 gen=0abc38a76bc56788e46f7c911f7863aa4926e2718fd3823166fe5f7bd66f1278df
A5/S5 => 0 min=0 max=4503599627370495 gen=0abc38a76bc56788e46f7c911f7863aa4926e2718fd3823166fe5f7bd66f1278df
TOTAL_HITS=0

--- cross: priming proof with attack commitment ---
priming_proof+attack_C+priming_script => 0 min=0 max=4503599627370495 gen=0a0a488de4899d0ae757f6cf8368663184d164106111ed9eaecf510e35282ddc6d
priming_proof+attack_C+6a => 0 min=0 max=4503599627370495 gen=0a0a488de4899d0ae757f6cf8368663184d164106111ed9eaecf510e35282ddc6d
attack_proof+priming_C+priming_script => 0 min=0 max=4503599627370495 gen=0a0a488de4899d0ae757f6cf8368663184d164106111ed9eaecf510e35282ddc6d
